==============================Starting Sample generation for mass 1000. GEN-SIM step==============================
------------------------------Using CMSSW_10_6_29------------------------------
==============================GEN-SIM step complete! Starting DIGI-PREMIX-RAW step==============================
==============================DIGI-PREMIX-RAW step complete! Starting HLT step==============================
------------------------------Using CMSSW_10_2_16_UL------------------------------
==============================HLT step complete! Starting RECO-AOD step==============================
------------------------------Using CMSSW_10_6_29------------------------------
==============================RECO-AOD step complete! Sample generation complete !==============================
