==============================Starting Sample generation for mass 1000. GEN-SIM step==============================
------------------------------Using CMSSW_10_6_29------------------------------

 *------------------------------------------------------------------------------------* 
 |                                                                                    | 
 |  *------------------------------------------------------------------------------*  | 
 |  |                                                                              |  | 
 |  |                                                                              |  | 
 |  |   PPP   Y   Y  TTTTT  H   H  III    A      Welcome to the Lund Monte Carlo!  |  | 
 |  |   P  P   Y Y     T    H   H   I    A A     This is PYTHIA version 8.240      |  | 
 |  |   PPP     Y      T    HHHHH   I   AAAAA    Last date of change: 20 Dec 2018  |  | 
 |  |   P       Y      T    H   H   I   A   A                                      |  | 
 |  |   P       Y      T    H   H  III  A   A    Now is 23 May 2024 at 07:52:47    |  | 
 |  |                                                                              |  | 
 |  |   Christian Bierlich;  Department of Astronomy and Theoretical Physics,      |  | 
 |  |      Lund University, Solvegatan 14A, SE-223 62 Lund, Sweden;                |  | 
 |  |      e-mail: christian.bierlich@thep.lu.se                                   |  | 
 |  |   Nishita Desai;  Department of Theoretical Physics, Tata Institute,         |  | 
 |  |      Homi Bhabha Road, Mumbai 400005, India;                                 |  | 
 |  |      e-mail: desai@theory.tifr.res.in                                        |  | 
 |  |   Ilkka Helenius;  Department of Physics, University of Jyvaskyla,           |  | 
 |  |      P.O. Box 35, FI-40014 University of Jyvaskyla, Finland;                 |  | 
 |  |      e-mail: ilkka.m.helenius@jyu.fi                                         |  | 
 |  |   Philip Ilten;  School of Physics and Astronomy,                            |  | 
 |  |      University of Birmingham, Birmingham, B152 2TT, UK;                     |  | 
 |  |      e-mail: philten@cern.ch                                                 |  | 
 |  |   Leif Lonnblad;  Department of Astronomy and Theoretical Physics,           |  | 
 |  |      Lund University, Solvegatan 14A, SE-223 62 Lund, Sweden;                |  | 
 |  |      e-mail: leif.lonnblad@thep.lu.se                                        |  | 
 |  |   Stephen Mrenna;  Computing Division, Simulations Group,                    |  | 
 |  |      Fermi National Accelerator Laboratory, MS 234, Batavia, IL 60510, USA;  |  | 
 |  |      e-mail: mrenna@fnal.gov                                                 |  | 
 |  |   Stefan Prestel;  Department of Astronomy and Theoretical Physics,          |  | 
 |  |      Lund University, Solvegatan 14A, SE-223 62 Lund, Sweden;                |  | 
 |  |      e-mail: stefan.prestel@thep.lu.se                                       |  | 
 |  |   Christine O. Rasmussen;  Department of Astronomy and Theoretical Physics,  |  | 
 |  |      Lund University, Solvegatan 14A, SE-223 62 Lund, Sweden;                |  | 
 |  |      e-mail: christine.rasmussen@thep.lu.se                                  |  | 
 |  |   Torbjorn Sjostrand;  Department of Astronomy and Theoretical Physics,      |  | 
 |  |      Lund University, Solvegatan 14A, SE-223 62 Lund, Sweden;                |  | 
 |  |      e-mail: torbjorn@thep.lu.se                                             |  | 
 |  |   Peter Skands;  School of Physics,                                          |  | 
 |  |      Monash University, PO Box 27, 3800 Melbourne, Australia;                |  | 
 |  |      e-mail: peter.skands@monash.edu                                         |  | 
 |  |                                                                              |  | 
 |  |   The main program reference is 'An Introduction to PYTHIA 8.2',             |  | 
 |  |   T. Sjostrand et al, Comput. Phys. Commun. 191 (2015) 159                   |  | 
 |  |   [arXiv:1410.3012 [hep-ph]]                                                 |  | 
 |  |                                                                              |  | 
 |  |   The main physics reference is the 'PYTHIA 6.4 Physics and Manual',         |  | 
 |  |   T. Sjostrand, S. Mrenna and P. Skands, JHEP05 (2006) 026 [hep-ph/0603175]  |  | 
 |  |                                                                              |  | 
 |  |   An archive of program versions and documentation is found on the web:      |  | 
 |  |   http://www.thep.lu.se/Pythia                                               |  | 
 |  |                                                                              |  | 
 |  |   This program is released under the GNU General Public Licence version 2.   |  | 
 |  |   Please respect the MCnet Guidelines for Event Generator Authors and Users. |  | 
 |  |                                                                              |  | 
 |  |   Disclaimer: this program comes without any guarantees.                     |  | 
 |  |   Beware of errors and use common sense when interpreting results.           |  | 
 |  |                                                                              |  | 
 |  |   Copyright (C) 2018 Torbjorn Sjostrand                                      |  | 
 |  |                                                                              |  | 
 |  |                                                                              |  | 
 |  *------------------------------------------------------------------------------*  | 
 |                                                                                    | 
 *------------------------------------------------------------------------------------* 


 *------------------------------------------------------------------------------------* 
 |                                                                                    | 
 |  *------------------------------------------------------------------------------*  | 
 |  |                                                                              |  | 
 |  |                                                                              |  | 
 |  |   PPP   Y   Y  TTTTT  H   H  III    A      Welcome to the Lund Monte Carlo!  |  | 
 |  |   P  P   Y Y     T    H   H   I    A A     This is PYTHIA version 8.240      |  | 
 |  |   PPP     Y      T    HHHHH   I   AAAAA    Last date of change: 20 Dec 2018  |  | 
 |  |   P       Y      T    H   H   I   A   A                                      |  | 
 |  |   P       Y      T    H   H  III  A   A    Now is 23 May 2024 at 07:52:47    |  | 
 |  |                                                                              |  | 
 |  |   Christian Bierlich;  Department of Astronomy and Theoretical Physics,      |  | 
 |  |      Lund University, Solvegatan 14A, SE-223 62 Lund, Sweden;                |  | 
 |  |      e-mail: christian.bierlich@thep.lu.se                                   |  | 
 |  |   Nishita Desai;  Department of Theoretical Physics, Tata Institute,         |  | 
 |  |      Homi Bhabha Road, Mumbai 400005, India;                                 |  | 
 |  |      e-mail: desai@theory.tifr.res.in                                        |  | 
 |  |   Ilkka Helenius;  Department of Physics, University of Jyvaskyla,           |  | 
 |  |      P.O. Box 35, FI-40014 University of Jyvaskyla, Finland;                 |  | 
 |  |      e-mail: ilkka.m.helenius@jyu.fi                                         |  | 
 |  |   Philip Ilten;  School of Physics and Astronomy,                            |  | 
 |  |      University of Birmingham, Birmingham, B152 2TT, UK;                     |  | 
 |  |      e-mail: philten@cern.ch                                                 |  | 
 |  |   Leif Lonnblad;  Department of Astronomy and Theoretical Physics,           |  | 
 |  |      Lund University, Solvegatan 14A, SE-223 62 Lund, Sweden;                |  | 
 |  |      e-mail: leif.lonnblad@thep.lu.se                                        |  | 
 |  |   Stephen Mrenna;  Computing Division, Simulations Group,                    |  | 
 |  |      Fermi National Accelerator Laboratory, MS 234, Batavia, IL 60510, USA;  |  | 
 |  |      e-mail: mrenna@fnal.gov                                                 |  | 
 |  |   Stefan Prestel;  Department of Astronomy and Theoretical Physics,          |  | 
 |  |      Lund University, Solvegatan 14A, SE-223 62 Lund, Sweden;                |  | 
 |  |      e-mail: stefan.prestel@thep.lu.se                                       |  | 
 |  |   Christine O. Rasmussen;  Department of Astronomy and Theoretical Physics,  |  | 
 |  |      Lund University, Solvegatan 14A, SE-223 62 Lund, Sweden;                |  | 
 |  |      e-mail: christine.rasmussen@thep.lu.se                                  |  | 
 |  |   Torbjorn Sjostrand;  Department of Astronomy and Theoretical Physics,      |  | 
 |  |      Lund University, Solvegatan 14A, SE-223 62 Lund, Sweden;                |  | 
 |  |      e-mail: torbjorn@thep.lu.se                                             |  | 
 |  |   Peter Skands;  School of Physics,                                          |  | 
 |  |      Monash University, PO Box 27, 3800 Melbourne, Australia;                |  | 
 |  |      e-mail: peter.skands@monash.edu                                         |  | 
 |  |                                                                              |  | 
 |  |   The main program reference is 'An Introduction to PYTHIA 8.2',             |  | 
 |  |   T. Sjostrand et al, Comput. Phys. Commun. 191 (2015) 159                   |  | 
 |  |   [arXiv:1410.3012 [hep-ph]]                                                 |  | 
 |  |                                                                              |  | 
 |  |   The main physics reference is the 'PYTHIA 6.4 Physics and Manual',         |  | 
 |  |   T. Sjostrand, S. Mrenna and P. Skands, JHEP05 (2006) 026 [hep-ph/0603175]  |  | 
 |  |                                                                              |  | 
 |  |   An archive of program versions and documentation is found on the web:      |  | 
 |  |   http://www.thep.lu.se/Pythia                                               |  | 
 |  |                                                                              |  | 
 |  |   This program is released under the GNU General Public Licence version 2.   |  | 
 |  |   Please respect the MCnet Guidelines for Event Generator Authors and Users. |  | 
 |  |                                                                              |  | 
 |  |   Disclaimer: this program comes without any guarantees.                     |  | 
 |  |   Beware of errors and use common sense when interpreting results.           |  | 
 |  |                                                                              |  | 
 |  |   Copyright (C) 2018 Torbjorn Sjostrand                                      |  | 
 |  |                                                                              |  | 
 |  |                                                                              |  | 
 |  *------------------------------------------------------------------------------*  | 
 |                                                                                    | 
 *------------------------------------------------------------------------------------* 


 *-------  PYTHIA Flag + Mode + Parm + Word + FVec + MVec + PVec + WVec Settings (changes only)  ------------------* 
 |                                                                                                                 | 
 | Name                                          |                      Now |      Default         Min         Max | 
 |                                               |                          |                                      | 
 | Check:epTolErr                                |                0.0100000 |   1.0000e-04                         | 
 | Higgs:useBSM                                  |                       on |          off                         | 
 | HiggsBSM:all                                  |                       on |          off                         | 
 | Main:timesAllowErrors                         |                    10000 |           10           0             | 
 | Next:numberShowEvent                          |                        0 |            1           0             | 
 | ParticleDecays:allowPhotonRadiation           |                       on |          off                         | 
 | ParticleDecays:limitTau0                      |                       on |          off                         | 
 | ProcessLevel:all                              |                      off |           on                         | 
 | SLHA:minMassSM                                |                 1000.000 |    100.00000                         | 
 | Tune:preferLHAPDF                             |                        2 |            1           0           2 | 
 |                                                                                                                 | 
 *-------  End PYTHIA Flag + Mode + Parm + Word + FVec + MVec + PVec + WVec Settings  -----------------------------* 

 --------  PYTHIA Particle Data Table (changed only)  ------------------------------------------------------------------------------
 
      id   name            antiName         spn chg col      m0        mWidth      mMin       mMax       tau0    res dec ext vis wid
             no onMode   bRatio   meMode     products 

      36  A0                                  1   0   0    1.00000    0.00000   50.00000    1.00000  4.65230e-06   1   1   0   0   0
              0     0   0.0013836    0        1       -1 
              1     0   0.0003459    0        2       -2 
              2     0   0.0000000    0        3       -3 
              3     0   0.0000000    0        4       -4 
              4     0   0.0000000    0        5       -5 
              5     0   0.0000000    0        6       -6 
              6     0   0.0000038    0       11      -11 
              7     0   0.1602644    0       13      -13 
              8     0   0.0000000    0       15      -15 
              9     0   0.8378391    0       21       21 
             10     1   0.0001632    0       22       22 
             11     1   0.0000000    0       22       23 
             12     0   0.0000000    0       23       23 
             13     0   0.0000000    0       24      -24 
             14     0   0.0000000    0       23       25 
             15     0   0.0000000    0       25       25 
             16     0   0.0000000    0       24      -37 
             17     0   0.0000000    0       37      -24 
             18     0   0.0000000  103  1000022  1000022 
             19     0   0.0000000  103  1000023  1000022 
             20     0   0.0000000  103  1000023  1000023 
             21     0   0.0000000  103  1000025  1000022 
             22     0   0.0000000  103  1000025  1000023 
             23     0   0.0000000  103  1000025  1000025 
             24     0   0.0000000  103  1000035  1000022 
             25     0   0.0000000  103  1000035  1000023 
             26     0   0.0000000  103  1000035  1000025 
             27     0   0.0000000  103  1000035  1000035 
             28     0   0.0000000  103  1000024 -1000024 
             29     0   0.0000000  103  1000024 -1000037 
             30     0   0.0000000  103  1000037 -1000024 
             31     0   0.0000000  103  1000037 -1000037 
             32     0   0.0000000  103  1000001 -1000001 
             33     0   0.0000000  103  2000001 -2000001 
             34     0   0.0000000  103  1000001 -2000001 
             35     0   0.0000000  103 -1000001  2000001 
             36     0   0.0000000  103  1000002 -1000002 
             37     0   0.0000000  103  2000002 -2000002 
             38     0   0.0000000  103  1000002 -2000002 
             39     0   0.0000000  103 -1000002  2000002 
             40     0   0.0000000  103  1000003 -1000003 
             41     0   0.0000000  103  2000003 -2000003 
             42     0   0.0000000  103  1000003 -2000003 
             43     0   0.0000000  103 -1000003  2000003 
             44     0   0.0000000  103  1000004 -1000004 
             45     0   0.0000000  103  2000004 -2000004 
             46     0   0.0000000  103  1000004 -2000004 
             47     0   0.0000000  103 -1000004  2000004 
             48     0   0.0000000  103  1000005 -1000005 
             49     0   0.0000000  103  2000005 -2000005 
             50     0   0.0000000  103  1000005 -2000005 
             51     0   0.0000000  103 -1000005  2000005 
             52     0   0.0000000  103  1000006 -1000006 
             53     0   0.0000000  103  2000006 -2000006 
             54     0   0.0000000  103  1000006 -2000006 
             55     0   0.0000000  103 -1000006  2000006 
             56     0   0.0000000  103  1000011 -1000011 
             57     0   0.0000000  103  2000011 -2000011 
             58     0   0.0000000  103  1000011 -2000011 
             59     0   0.0000000  103 -1000011  2000011 
             60     0   0.0000000  103  1000012 -1000012 
             61     0   0.0000000  103  2000012 -2000012 
             62     0   0.0000000  103  1000012 -2000012 
             63     0   0.0000000  103 -1000012  2000012 
             64     0   0.0000000  103  1000013 -1000013 
             65     0   0.0000000  103  2000013 -2000013 
             66     0   0.0000000  103  1000013 -2000013 
             67     0   0.0000000  103 -1000013  2000013 
             68     0   0.0000000  103  1000014 -1000014 
             69     0   0.0000000  103  2000014 -2000014 
             70     0   0.0000000  103  1000014 -2000014 
             71     0   0.0000000  103 -1000014  2000014 
             72     0   0.0000000  103  1000015 -1000015 
             73     0   0.0000000  103  2000015 -2000015 
             74     0   0.0000000  103  1000015 -2000015 
             75     0   0.0000000  103 -1000015  2000015 
             76     0   0.0000000  103  1000016 -1000016 
             77     0   0.0000000  103  2000016 -2000016 
             78     0   0.0000000  103  1000016 -2000016 
             79     0   0.0000000  103 -1000016  2000016 

 --------  End PYTHIA Particle Data Table  -----------------------------------------------------------------------------------------


 *-------  PYTHIA Flag + Mode + Parm + Word + FVec + MVec + PVec + WVec Settings (changes only)  ------------------* 
 |                                                                                                                 | 
 | Name                                          |                      Now |      Default         Min         Max | 
 |                                               |                          |                                      | 
 | Next:numberShowEvent                          |                        0 |            1           0             | 
 | ParticleDecays:allowPhotonRadiation           |                       on |          off                         | 
 | ParticleDecays:limitTau0                      |                       on |          off                         | 
 | ProcessLevel:all                              |                      off |           on                         | 
 |                                                                                                                 | 
 *-------  End PYTHIA Flag + Mode + Parm + Word + FVec + MVec + PVec + WVec Settings  -----------------------------* 

 --------  PYTHIA Particle Data Table (changed only)  ------------------------------------------------------------------------------
 
      id   name            antiName         spn chg col      m0        mWidth      mMin       mMax       tau0    res dec ext vis wid
             no onMode   bRatio   meMode     products 

 no particle data has been changed from its default value 

 --------  End PYTHIA Particle Data Table  -----------------------------------------------------------------------------------------


 Pythia::next(): 1000 events have been generated 

 *-------  PYTHIA Error and Warning Messages Statistics  ----------------------------------------------------------* 
 |                                                                                                                 | 
 |  times   message                                                                                                | 
 |                                                                                                                 | 
 |      0   no errors or warnings to report                                                                        | 
 |                                                                                                                 | 
 *-------  End PYTHIA Error and Warning Messages Statistics  ------------------------------------------------------* 

 *-------  PYTHIA Error and Warning Messages Statistics  ----------------------------------------------------------* 
 |                                                                                                                 | 
 |  times   message                                                                                                | 
 |                                                                                                                 | 
 |      0   no errors or warnings to report                                                                        | 
 |                                                                                                                 | 
 *-------  End PYTHIA Error and Warning Messages Statistics  ------------------------------------------------------* 
==============================GEN-SIM step complete! Starting DIGI-PREMIX-RAW step==============================
DTTSPhi::addTracoT: preview not present in TRACO trigger or its code=0  trigger not added!
DTTSPhi::addTracoT: preview not present in TRACO trigger or its code=0  trigger not added!
DTTSPhi::addTracoT: preview not present in TRACO trigger or its code=0  trigger not added!
DTTSPhi::addTracoT: preview not present in TRACO trigger or its code=0  trigger not added!
DTTSPhi::addTracoT: preview not present in TRACO trigger or its code=0  trigger not added!
DTTSPhi::addTracoT: preview not present in TRACO trigger or its code=0  trigger not added!
DTTSPhi::addTracoT: preview not present in TRACO trigger or its code=0  trigger not added!
DTTSPhi::addTracoT: preview not present in TRACO trigger or its code=0  trigger not added!
DTTSPhi::addTracoT: preview not present in TRACO trigger or its code=0  trigger not added!
DTTSPhi::addTracoT: preview not present in TRACO trigger or its code=0  trigger not added!
DTTSPhi::addTracoT: preview not present in TRACO trigger or its code=0  trigger not added!
DTTSPhi::addTracoT: preview not present in TRACO trigger or its code=0  trigger not added!
DTTSPhi::addTracoT: preview not present in TRACO trigger or its code=0  trigger not added!
DTTSPhi::addTracoT: preview not present in TRACO trigger or its code=0  trigger not added!
DTTSPhi::addTracoT: preview not present in TRACO trigger or its code=0  trigger not added!
DTTSPhi::addTracoT: preview not present in TRACO trigger or its code=0  trigger not added!
DTTSPhi::addTracoT: preview not present in TRACO trigger or its code=0  trigger not added!
DTTSPhi::addTracoT: preview not present in TRACO trigger or its code=0  trigger not added!
DTTSPhi::addTracoT: preview not present in TRACO trigger or its code=0  trigger not added!
DTTSPhi::addTracoT: preview not present in TRACO trigger or its code=0  trigger not added!
DTTSPhi::addTracoT: preview not present in TRACO trigger or its code=0  trigger not added!
DTTSPhi::addTracoT: preview not present in TRACO trigger or its code=0  trigger not added!
==============================DIGI-PREMIX-RAW step complete! Starting HLT step==============================
------------------------------Using CMSSW_10_2_16_UL------------------------------
DQMStore: WARNING: attempt to remove non-existent monitor element 'throughput_retired' in 'HLT/Throughput'
DQMStore: WARNING: attempt to remove non-existent monitor element 'throughput_sourced' in 'HLT/Throughput'
==============================HLT step complete! Starting RECO-AOD step==============================
------------------------------Using CMSSW_10_6_29------------------------------
==============================RECO-AOD step complete! Sample generation complete !==============================
